Warning: You are sending unauthenticated requests to the HF Hub. Please set a HF_TOKEN to enable higher rate limits and faster downloads.
W0313 08:09:28.103000 11704 venv\Lib\site-packages\torch\utils\flop_counter.py:29] triton not found; flop counting will not work for triton kernels
Loading Qwen/Qwen2.5-3B-Instruct in 4-bit...
Loading weights:   0%|          | 0/434 [00:00<?, ?it/s]Loading weights:   0%|          | 1/434 [00:00<01:39,  4.34it/s]D:\poker-ai\venv\Lib\site-packages\bitsandbytes\backends\cuda\ops.py:213: FutureWarning: _check_is_size will be removed in a future PyTorch release along with guard_size_oblivious.     Use _check(i >= 0) instead.
  torch._check_is_size(blocksize)
Loading weights:   1%|          | 3/434 [00:00<01:10,  6.11it/s]Loading weights:   1%|          | 4/434 [00:00<01:01,  6.99it/s]Loading weights:   1%|1         | 5/434 [00:00<01:01,  7.01it/s]Loading weights:   2%|1         | 8/434 [00:00<00:37, 11.24it/s]Loading weights:   2%|2         | 10/434 [00:01<00:40, 10.52it/s]Loading weights:   3%|2         | 12/434 [00:01<00:36, 11.51it/s]Loading weights:   3%|3         | 14/434 [00:01<00:35, 12.00it/s]Loading weights:   4%|3         | 16/434 [00:01<00:43,  9.55it/s]Loading weights:   4%|4         | 18/434 [00:01<00:38, 10.85it/s]Loading weights:   5%|4         | 21/434 [00:02<00:35, 11.55it/s]Loading weights:   5%|5         | 23/434 [00:02<00:32, 12.59it/s]Loading weights:   6%|5         | 25/434 [00:02<00:31, 12.99it/s]Loading weights:   6%|6         | 27/434 [00:02<00:33, 12.22it/s]Loading weights:   7%|6         | 29/434 [00:02<00:43,  9.25it/s]Loading weights:  54%|#####3    | 234/434 [00:02<00:00, 333.79it/s]Loading weights: 100%|##########| 434/434 [00:03<00:00, 140.98it/s]
D:\poker-ai\venv\Lib\site-packages\bitsandbytes\backends\cuda\ops.py:468: FutureWarning: _check_is_size will be removed in a future PyTorch release along with guard_size_oblivious.     Use _check(i >= 0) instead.
  torch._check_is_size(blocksize)
Loading LoRA adapter from D:/poker-ai/poker-llm-lora/checkpoint-1000...

============================================================
TESTING WITH POKERBENCH TEST SET
============================================================

------------------------------------------------------------
Q1: You are a specialist in playing 6-handed No Limit Texas Holdem. The following will be a game scenario and you need to make the optimal decision.

Here is a game summary:

The small blind is 0.5 chips ...
Expected: check
Model:    check
[OK] MATCH

------------------------------------------------------------
Q2: You are a specialist in playing 6-handed No Limit Texas Holdem. The following will be a game scenario and you need to make the optimal decision.

Here is a game summary:

The small blind is 0.5 chips ...
Expected: check
Model:    check
[OK] MATCH

------------------------------------------------------------
Q3: You are a specialist in playing 6-handed No Limit Texas Holdem. The following will be a game scenario and you need to make the optimal decision.

Here is a game summary:

The small blind is 0.5 chips ...
Expected: check
Model:    check
[OK] MATCH

------------------------------------------------------------
Q4: You are a specialist in playing 6-handed No Limit Texas Holdem. The following will be a game scenario and you need to make the optimal decision.

Here is a game summary:

The small blind is 0.5 chips ...
Expected: bet 10
Model:    check
[X] MISMATCH

------------------------------------------------------------
Q5: You are a specialist in playing 6-handed No Limit Texas Holdem. The following will be a game scenario and you need to make the optimal decision.

Here is a game summary:

The small blind is 0.5 chips ...
Expected: check
Model:    check
[OK] MATCH

------------------------------------------------------------
Q6: You are a specialist in playing 6-handed No Limit Texas Holdem. The following will be a game scenario and you need to make the optimal decision.

Here is a game summary:

The small blind is 0.5 chips ...
Expected: raise 11
Model:    call
[X] MISMATCH

------------------------------------------------------------
Q7: You are a specialist in playing 6-handed No Limit Texas Holdem. The following will be a game scenario and you need to make the optimal decision.

Here is a game summary:

The small blind is 0.5 chips ...
Expected: call
Model:    call
[OK] MATCH

------------------------------------------------------------
Q8: You are a specialist in playing 6-handed No Limit Texas Holdem. The following will be a game scenario and you need to make the optimal decision.

Here is a game summary:

The small blind is 0.5 chips ...
Expected: check
Model:    check
[OK] MATCH

------------------------------------------------------------
Q9: You are a specialist in playing 6-handed No Limit Texas Holdem. The following will be a game scenario and you need to make the optimal decision.

Here is a game summary:

The small blind is 0.5 chips ...
Expected: call
Model:    call
[OK] MATCH

------------------------------------------------------------
Q10: You are a specialist in playing 6-handed No Limit Texas Holdem. The following will be a game scenario and you need to make the optimal decision.

Here is a game summary:

The small blind is 0.5 chips ...
Expected: raise 92
Model:    call
[X] MISMATCH

============================================================
Score: 7/10 (70%)
============================================================


============================================================
CUSTOM POKER QUESTIONS
============================================================

------------------------------------------------------------
Q: You are playing Texas Hold'em. You have Ah Kh. The flop is Qh Jh 2c. There are 2 players. The pot is $100. Your opponent bets $50. What should you do?
A: Given the situation, let's analyze it step by step:

1. **Your Hand and Opponent's Bet:**
   - You have Ace of Heart (Ah) and King of Heart (Kh).
   - Your opponent has bet $50.

2. **The Flop:**
   - The flop is Queen of Heart (Qh), Jack of Heart (Jh), and Two of Club (2c).
   - This means that your hand is now Ten of Heart (Th), Nine of Heart (Nh), Queen of Heart (Qh), Jack of Heart (Jh), and Two of Club (2c).

3. **Assessing the Strength of Your Hand:**
   - On this flop, your hand is strong, especially with the Queen of Heart and Jack of Heart on the board. However, your opponent has bet $50, which suggests they might have a strong hand as well.

4. **Your Options:**
   - **Call:** If your opponent has a strong hand, calling will give you a chance to win the pot.
   - **Fold:** If your opponent has a strong hand, folding will protect you from losing more money.

5. **Reasoning:**
   - Since your opponent has made a

------------------------------------------------------------
Q: You have pocket aces (As Ad) preflop in a 6-max game. You are in the cutoff position. What is the correct action?
A: In a 6-max game, when you have pocket aces (Ace of Diamond and Ace of Club) in the cutoff position, your action should be to raise. Here's why:

1. **Position Advantage**: Being in the cutoff position gives you an advantage over players who are all in or fold. The cutoff player has the option to raise or call, which can give them more flexibility.

2. **Strength of Hand**: Pocket aces are one of the strongest starting hands in poker. They often win hands that would otherwise be split.

3. **Action Sequence**: In a 6-max game, the action sequence typically goes as follows: Cutoff, Button, Big Blind, Small Blind, Cut Card, and then Back to Cutoff. Since you are in the cutoff position, your action will come before the Button's action.

4. **Raise Size**: The size of your raise depends on the strength of the hand and your position. A typical raise size for pocket aces in this position is 2.5 to 3.0 times the small blind. For example, if the small blind is $1, you might raise $5 to $7.

Here’s a step-by-step breakdown of what you should do:

1. **Raise**:

------------------------------------------------------------
Q: You have 7s 2d offsuit in the big blind. A tight player raises 3x from under the gun. What should you do?
A: Given your position and the actions described, let's analyze the situation step by step:

1. **Your Position**: Big Blind (BB)
2. **Opponent's Action**: Raise 3x BB

### Analysis:
- **Big Blind Position**: When you are in the Big Blind position, it is often advantageous to call or raise because you are already in the game and your position is slightly better than if you had folded.
- **Raise Size**: The raise size of 3x BB is relatively small. This suggests that the opponent might be trying to get you to fold, but it could also mean they have a strong hand.

### Decision:
Given that the raise size is small, there are a few possible scenarios:

1. **The Opponent Has a Strong Hand**:
   - If the opponent has a strong hand, calling would likely result in losing chips, and raising would likely result in losing chips as well. However, raising can sometimes force the opponent to fold, which is a good outcome.

2. **The Opponent Has a Weak Hand**:
   - If the opponent has a weak hand, calling would likely result in winning chips, and raising would likely result in winning chips as well. However, raising can sometimes make the opponent fold,
